// Vitest Snapshot v1, https://vitest.dev/guide/snapshot.html

exports[`New Tile tests > Snapshot test 1`] = `
{
  "asFragment": [Function],
  "baseElement": <body>
    <div>
      <section
        class="bg-white  w-[300px] rounded-xl p-4"
      >
        <h1
          class="text-2xl mb-3"
        >
          Create Tile
        </h1>
        <form>
          <label>
            Launch Date
          </label>
          <br />
          <div
            class="react-datetime-picker react-datetime-picker--closed react-datetime-picker--enabled mb-3"
          >
            <div
              class="react-datetime-picker__wrapper"
            >
              <div
                class="react-datetime-picker__inputGroup"
              >
                <input
                  hidden=""
                  max="275760-09-13T01:00"
                  min="0001-01-01T00:00"
                  name="datetime"
                  step="60"
                  style="visibility: hidden; position: absolute; z-index: -999;"
                  type="datetime-local"
                  value="2023-11-20T00:00"
                />
                <input
                  autocomplete="off"
                  class="react-datetime-picker__inputGroup__input react-datetime-picker__inputGroup__year"
                  data-input="true"
                  inputmode="numeric"
                  max="275760"
                  min="1"
                  name="year"
                  placeholder="----"
                  step="1"
                  type="number"
                  value="2023"
                />
                <span
                  class="react-datetime-picker__inputGroup__divider"
                >
                  -
                </span>
                <input
                  autocomplete="off"
                  class="react-datetime-picker__inputGroup__input react-datetime-picker__inputGroup__month"
                  data-input="true"
                  inputmode="numeric"
                  max="12"
                  min="1"
                  name="month"
                  placeholder="--"
                  type="number"
                  value="11"
                />
                <span
                  class="react-datetime-picker__inputGroup__divider"
                >
                  -
                </span>
                <input
                  autocomplete="off"
                  class="react-datetime-picker__inputGroup__input react-datetime-picker__inputGroup__day"
                  data-input="true"
                  inputmode="numeric"
                  max="30"
                  min="1"
                  name="day"
                  placeholder="--"
                  type="number"
                  value="20"
                />
              </div>
              <button
                class="react-datetime-picker__clear-button react-datetime-picker__button"
                type="button"
              >
                <svg
                  class="react-datetime-picker__clear-button__icon react-datetime-picker__button__icon"
                  height="19"
                  stroke="black"
                  stroke-width="2"
                  viewBox="0 0 19 19"
                  width="19"
                  xmlns="http://www.w3.org/2000/svg"
                >
                  <line
                    x1="4"
                    x2="15"
                    y1="4"
                    y2="15"
                  />
                  <line
                    x1="15"
                    x2="4"
                    y1="4"
                    y2="15"
                  />
                </svg>
              </button>
              <button
                class="react-datetime-picker__calendar-button react-datetime-picker__button"
                type="button"
              >
                <svg
                  class="react-datetime-picker__calendar-button__icon react-datetime-picker__button__icon"
                  height="19"
                  stroke="black"
                  stroke-width="2"
                  viewBox="0 0 19 19"
                  width="19"
                  xmlns="http://www.w3.org/2000/svg"
                >
                  <rect
                    fill="none"
                    height="15"
                    width="15"
                    x="2"
                    y="2"
                  />
                  <line
                    x1="6"
                    x2="6"
                    y1="0"
                    y2="4"
                  />
                  <line
                    x1="13"
                    x2="13"
                    y1="0"
                    y2="4"
                  />
                </svg>
              </button>
            </div>
          </div>
          <br />
          <label>
            Status
          </label>
          <div
            class=""
          >
            <select
              class="p-1 rounded-md mb-4"
            >
              <option
                class=""
                value=""
              >
                Select an option
              </option>
              <option
                class=""
                value="live"
              >
                live
              </option>
              <option
                class=""
                value="pending"
              >
                pending
              </option>
              <option
                class=""
                value="archived"
              >
                archived
              </option>
            </select>
          </div>
          <button
            class="bg-slate-400 rounded-lg p-2 text-lg hover:bg-slate-300 disabled:bg-red-600"
            disabled=""
            type="submit"
          >
            Create
          </button>
        </form>
      </section>
    </div>
  </body>,
  "container": <div>
    <section
      class="bg-white  w-[300px] rounded-xl p-4"
    >
      <h1
        class="text-2xl mb-3"
      >
        Create Tile
      </h1>
      <form>
        <label>
          Launch Date
        </label>
        <br />
        <div
          class="react-datetime-picker react-datetime-picker--closed react-datetime-picker--enabled mb-3"
        >
          <div
            class="react-datetime-picker__wrapper"
          >
            <div
              class="react-datetime-picker__inputGroup"
            >
              <input
                hidden=""
                max="275760-09-13T01:00"
                min="0001-01-01T00:00"
                name="datetime"
                step="60"
                style="visibility: hidden; position: absolute; z-index: -999;"
                type="datetime-local"
                value="2023-11-20T00:00"
              />
              <input
                autocomplete="off"
                class="react-datetime-picker__inputGroup__input react-datetime-picker__inputGroup__year"
                data-input="true"
                inputmode="numeric"
                max="275760"
                min="1"
                name="year"
                placeholder="----"
                step="1"
                type="number"
                value="2023"
              />
              <span
                class="react-datetime-picker__inputGroup__divider"
              >
                -
              </span>
              <input
                autocomplete="off"
                class="react-datetime-picker__inputGroup__input react-datetime-picker__inputGroup__month"
                data-input="true"
                inputmode="numeric"
                max="12"
                min="1"
                name="month"
                placeholder="--"
                type="number"
                value="11"
              />
              <span
                class="react-datetime-picker__inputGroup__divider"
              >
                -
              </span>
              <input
                autocomplete="off"
                class="react-datetime-picker__inputGroup__input react-datetime-picker__inputGroup__day"
                data-input="true"
                inputmode="numeric"
                max="30"
                min="1"
                name="day"
                placeholder="--"
                type="number"
                value="20"
              />
            </div>
            <button
              class="react-datetime-picker__clear-button react-datetime-picker__button"
              type="button"
            >
              <svg
                class="react-datetime-picker__clear-button__icon react-datetime-picker__button__icon"
                height="19"
                stroke="black"
                stroke-width="2"
                viewBox="0 0 19 19"
                width="19"
                xmlns="http://www.w3.org/2000/svg"
              >
                <line
                  x1="4"
                  x2="15"
                  y1="4"
                  y2="15"
                />
                <line
                  x1="15"
                  x2="4"
                  y1="4"
                  y2="15"
                />
              </svg>
            </button>
            <button
              class="react-datetime-picker__calendar-button react-datetime-picker__button"
              type="button"
            >
              <svg
                class="react-datetime-picker__calendar-button__icon react-datetime-picker__button__icon"
                height="19"
                stroke="black"
                stroke-width="2"
                viewBox="0 0 19 19"
                width="19"
                xmlns="http://www.w3.org/2000/svg"
              >
                <rect
                  fill="none"
                  height="15"
                  width="15"
                  x="2"
                  y="2"
                />
                <line
                  x1="6"
                  x2="6"
                  y1="0"
                  y2="4"
                />
                <line
                  x1="13"
                  x2="13"
                  y1="0"
                  y2="4"
                />
              </svg>
            </button>
          </div>
        </div>
        <br />
        <label>
          Status
        </label>
        <div
          class=""
        >
          <select
            class="p-1 rounded-md mb-4"
          >
            <option
              class=""
              value=""
            >
              Select an option
            </option>
            <option
              class=""
              value="live"
            >
              live
            </option>
            <option
              class=""
              value="pending"
            >
              pending
            </option>
            <option
              class=""
              value="archived"
            >
              archived
            </option>
          </select>
        </div>
        <button
          class="bg-slate-400 rounded-lg p-2 text-lg hover:bg-slate-300 disabled:bg-red-600"
          disabled=""
          type="submit"
        >
          Create
        </button>
      </form>
    </section>
  </div>,
  "debug": [Function],
  "findAllByAltText": [Function],
  "findAllByDisplayValue": [Function],
  "findAllByLabelText": [Function],
  "findAllByPlaceholderText": [Function],
  "findAllByRole": [Function],
  "findAllByTestId": [Function],
  "findAllByText": [Function],
  "findAllByTitle": [Function],
  "findByAltText": [Function],
  "findByDisplayValue": [Function],
  "findByLabelText": [Function],
  "findByPlaceholderText": [Function],
  "findByRole": [Function],
  "findByTestId": [Function],
  "findByText": [Function],
  "findByTitle": [Function],
  "getAllByAltText": [Function],
  "getAllByDisplayValue": [Function],
  "getAllByLabelText": [Function],
  "getAllByPlaceholderText": [Function],
  "getAllByRole": [Function],
  "getAllByTestId": [Function],
  "getAllByText": [Function],
  "getAllByTitle": [Function],
  "getByAltText": [Function],
  "getByDisplayValue": [Function],
  "getByLabelText": [Function],
  "getByPlaceholderText": [Function],
  "getByRole": [Function],
  "getByTestId": [Function],
  "getByText": [Function],
  "getByTitle": [Function],
  "queryAllByAltText": [Function],
  "queryAllByDisplayValue": [Function],
  "queryAllByLabelText": [Function],
  "queryAllByPlaceholderText": [Function],
  "queryAllByRole": [Function],
  "queryAllByTestId": [Function],
  "queryAllByText": [Function],
  "queryAllByTitle": [Function],
  "queryByAltText": [Function],
  "queryByDisplayValue": [Function],
  "queryByLabelText": [Function],
  "queryByPlaceholderText": [Function],
  "queryByRole": [Function],
  "queryByTestId": [Function],
  "queryByText": [Function],
  "queryByTitle": [Function],
  "rerender": [Function],
  "store": {
    "@@observable": [Function],
    "dispatch": [Function],
    "getState": [Function],
    "replaceReducer": [Function],
    "subscribe": [Function],
  },
  "unmount": [Function],
}
`;
