// Vitest Snapshot v1, https://vitest.dev/guide/snapshot.html

exports[`New Task tests > Snapshot test 1`] = `
{
  "asFragment": [Function],
  "baseElement": <body>
    <div>
      <section
        class="bg-white  w-[300px] rounded-xl p-4"
      >
        <h1
          class="text-2xl mb-4"
        >
          Create Task for Tile 0
        </h1>
        <form>
          <label>
            Title
          </label>
          <input
            class="bg-gray-200 rounded-lg p-1 w-[97%] mb-3"
            maxlength="30"
            value=""
          />
          <label
            for=""
          >
            Description
          </label>
          <textarea
            class="resize-none bg-gray-200 rounded-lg h-20 w-[97%] p-1 mb-3"
            maxlength="256"
          />
          <label
            for=""
          >
            Order
          </label>
          <input
            class="bg-gray-200 rounded-lg p-1 w-[97%] mb-3"
            value="1"
          />
          <label>
            Type
          </label>
          <div
            class=""
          >
            <select
              class="p-1 rounded-md mb-4"
            >
              <option
                class=""
                value=""
              >
                Select an option
              </option>
              <option
                class=""
                value="survey"
              >
                survey
              </option>
              <option
                class=""
                value="discussion"
              >
                discussion
              </option>
              <option
                class=""
                value="diary"
              >
                diary
              </option>
            </select>
          </div>
          <button
            class="bg-slate-400 rounded-lg p-2 text-lg hover:bg-slate-300 disabled:bg-red-600 mb-1"
            disabled=""
            type="submit"
          >
            Create
          </button>
        </form>
      </section>
    </div>
  </body>,
  "container": <div>
    <section
      class="bg-white  w-[300px] rounded-xl p-4"
    >
      <h1
        class="text-2xl mb-4"
      >
        Create Task for Tile 0
      </h1>
      <form>
        <label>
          Title
        </label>
        <input
          class="bg-gray-200 rounded-lg p-1 w-[97%] mb-3"
          maxlength="30"
          value=""
        />
        <label
          for=""
        >
          Description
        </label>
        <textarea
          class="resize-none bg-gray-200 rounded-lg h-20 w-[97%] p-1 mb-3"
          maxlength="256"
        />
        <label
          for=""
        >
          Order
        </label>
        <input
          class="bg-gray-200 rounded-lg p-1 w-[97%] mb-3"
          value="1"
        />
        <label>
          Type
        </label>
        <div
          class=""
        >
          <select
            class="p-1 rounded-md mb-4"
          >
            <option
              class=""
              value=""
            >
              Select an option
            </option>
            <option
              class=""
              value="survey"
            >
              survey
            </option>
            <option
              class=""
              value="discussion"
            >
              discussion
            </option>
            <option
              class=""
              value="diary"
            >
              diary
            </option>
          </select>
        </div>
        <button
          class="bg-slate-400 rounded-lg p-2 text-lg hover:bg-slate-300 disabled:bg-red-600 mb-1"
          disabled=""
          type="submit"
        >
          Create
        </button>
      </form>
    </section>
  </div>,
  "debug": [Function],
  "findAllByAltText": [Function],
  "findAllByDisplayValue": [Function],
  "findAllByLabelText": [Function],
  "findAllByPlaceholderText": [Function],
  "findAllByRole": [Function],
  "findAllByTestId": [Function],
  "findAllByText": [Function],
  "findAllByTitle": [Function],
  "findByAltText": [Function],
  "findByDisplayValue": [Function],
  "findByLabelText": [Function],
  "findByPlaceholderText": [Function],
  "findByRole": [Function],
  "findByTestId": [Function],
  "findByText": [Function],
  "findByTitle": [Function],
  "getAllByAltText": [Function],
  "getAllByDisplayValue": [Function],
  "getAllByLabelText": [Function],
  "getAllByPlaceholderText": [Function],
  "getAllByRole": [Function],
  "getAllByTestId": [Function],
  "getAllByText": [Function],
  "getAllByTitle": [Function],
  "getByAltText": [Function],
  "getByDisplayValue": [Function],
  "getByLabelText": [Function],
  "getByPlaceholderText": [Function],
  "getByRole": [Function],
  "getByTestId": [Function],
  "getByText": [Function],
  "getByTitle": [Function],
  "queryAllByAltText": [Function],
  "queryAllByDisplayValue": [Function],
  "queryAllByLabelText": [Function],
  "queryAllByPlaceholderText": [Function],
  "queryAllByRole": [Function],
  "queryAllByTestId": [Function],
  "queryAllByText": [Function],
  "queryAllByTitle": [Function],
  "queryByAltText": [Function],
  "queryByDisplayValue": [Function],
  "queryByLabelText": [Function],
  "queryByPlaceholderText": [Function],
  "queryByRole": [Function],
  "queryByTestId": [Function],
  "queryByText": [Function],
  "queryByTitle": [Function],
  "rerender": [Function],
  "store": {
    "@@observable": [Function],
    "dispatch": [Function],
    "getState": [Function],
    "replaceReducer": [Function],
    "subscribe": [Function],
  },
  "unmount": [Function],
}
`;
