// Vitest Snapshot v1, https://vitest.dev/guide/snapshot.html

exports[`Task tests > Snapshot test 1`] = `
{
  "asFragment": [Function],
  "baseElement": <body>
    <div>
      <section
        class="border border-gray-600 rounded-md w-[320px] text-center text-lg bg-white"
        id="task-container"
      >
        <div
          class="p-4"
        >
          <h1
            class="text-2xl font-bold break-words"
            data-testid="task-title-h1"
          >
            null
          </h1>
        </div>
        <div
          class="border"
        />
        <h2
          class="text-left m-2 font-semibold"
        >
          Description
        </h2>
        <p
          class="w-full resize-none break-words p-2"
          data-testid="task-description-p"
        >
          null
        </p>
        <div
          class="flex justify-between p-2 font-semibold"
        >
          <p
            data-testid="task-type-p"
          >
            Null
          </p>
          <p
            data-testid="task-taskID-p"
          >
            Task ID: 
            null
          </p>
          <p
            data-testid="task-order-p"
          >
            Order NO: 
            null
          </p>
        </div>
        <div
          class="flex justify-between px-2 mb-6"
        >
          <img
            class="rounded-lg hover:cursor-pointer hover:bg-gray-200 p-2"
            src="/src/assets/editIcon.svg"
            width="60px"
          />
          <img
            class="rounded-lg hover:cursor-pointer hover:bg-gray-200 p-2"
            src="/src/assets/trashCan.svg"
            width="60px"
          />
        </div>
      </section>
    </div>
  </body>,
  "container": <div>
    <section
      class="border border-gray-600 rounded-md w-[320px] text-center text-lg bg-white"
      id="task-container"
    >
      <div
        class="p-4"
      >
        <h1
          class="text-2xl font-bold break-words"
          data-testid="task-title-h1"
        >
          null
        </h1>
      </div>
      <div
        class="border"
      />
      <h2
        class="text-left m-2 font-semibold"
      >
        Description
      </h2>
      <p
        class="w-full resize-none break-words p-2"
        data-testid="task-description-p"
      >
        null
      </p>
      <div
        class="flex justify-between p-2 font-semibold"
      >
        <p
          data-testid="task-type-p"
        >
          Null
        </p>
        <p
          data-testid="task-taskID-p"
        >
          Task ID: 
          null
        </p>
        <p
          data-testid="task-order-p"
        >
          Order NO: 
          null
        </p>
      </div>
      <div
        class="flex justify-between px-2 mb-6"
      >
        <img
          class="rounded-lg hover:cursor-pointer hover:bg-gray-200 p-2"
          src="/src/assets/editIcon.svg"
          width="60px"
        />
        <img
          class="rounded-lg hover:cursor-pointer hover:bg-gray-200 p-2"
          src="/src/assets/trashCan.svg"
          width="60px"
        />
      </div>
    </section>
  </div>,
  "debug": [Function],
  "findAllByAltText": [Function],
  "findAllByDisplayValue": [Function],
  "findAllByLabelText": [Function],
  "findAllByPlaceholderText": [Function],
  "findAllByRole": [Function],
  "findAllByTestId": [Function],
  "findAllByText": [Function],
  "findAllByTitle": [Function],
  "findByAltText": [Function],
  "findByDisplayValue": [Function],
  "findByLabelText": [Function],
  "findByPlaceholderText": [Function],
  "findByRole": [Function],
  "findByTestId": [Function],
  "findByText": [Function],
  "findByTitle": [Function],
  "getAllByAltText": [Function],
  "getAllByDisplayValue": [Function],
  "getAllByLabelText": [Function],
  "getAllByPlaceholderText": [Function],
  "getAllByRole": [Function],
  "getAllByTestId": [Function],
  "getAllByText": [Function],
  "getAllByTitle": [Function],
  "getByAltText": [Function],
  "getByDisplayValue": [Function],
  "getByLabelText": [Function],
  "getByPlaceholderText": [Function],
  "getByRole": [Function],
  "getByTestId": [Function],
  "getByText": [Function],
  "getByTitle": [Function],
  "queryAllByAltText": [Function],
  "queryAllByDisplayValue": [Function],
  "queryAllByLabelText": [Function],
  "queryAllByPlaceholderText": [Function],
  "queryAllByRole": [Function],
  "queryAllByTestId": [Function],
  "queryAllByText": [Function],
  "queryAllByTitle": [Function],
  "queryByAltText": [Function],
  "queryByDisplayValue": [Function],
  "queryByLabelText": [Function],
  "queryByPlaceholderText": [Function],
  "queryByRole": [Function],
  "queryByTestId": [Function],
  "queryByText": [Function],
  "queryByTitle": [Function],
  "rerender": [Function],
  "store": {
    "@@observable": [Function],
    "dispatch": [Function],
    "getState": [Function],
    "replaceReducer": [Function],
    "subscribe": [Function],
  },
  "unmount": [Function],
}
`;
